// Vitest Snapshot v1, https://vitest.dev/guide/snapshot.html

exports[`Snapshots > Snapshot - Default 1`] = `
<div>
  <div
    class="gi-p-4  gi-w-fit"
  >
    <button
      class="gi-btn gi-btn-primary gi-btn-regular"
    >
      Button
    </button>
  </div>
</div>
`;

exports[`Snapshots > Snapshot - Flat 1`] = `
<div>
  <div
    class="gi-p-4  gi-w-fit"
  >
    <button
      class="gi-btn gi-btn-flat gi-btn-regular"
    >
      Flat Button
    </button>
  </div>
</div>
`;

exports[`Snapshots > Snapshot - FlatDark 1`] = `
<div>
  <div
    class="gi-p-4  gi-w-fit"
  >
    <button
      class="gi-btn gi-btn-flat-dark gi-btn-regular"
    >
      Flat Dark Button
    </button>
  </div>
</div>
`;

exports[`Snapshots > Snapshot - FlatDarkDisabled 1`] = `
<div>
  <div
    class="gi-p-4  gi-w-fit"
  >
    <button
      aria-disabled="true"
      class="gi-btn gi-btn-flat-dark-disabled gi-btn-regular"
      disabled=""
    >
      Flat Dark Button (Disabled)
    </button>
  </div>
</div>
`;

exports[`Snapshots > Snapshot - FlatDarkFocus 1`] = `
<div>
  <div
    class="gi-p-4  gi-w-fit"
  >
    <button
      class="gi-btn gi-btn-flat-dark gi-btn-regular"
    >
      Flat Dark Button (Focused)
    </button>
  </div>
</div>
`;

exports[`Snapshots > Snapshot - FlatDarkHover 1`] = `
<div>
  <div
    class="gi-p-4  gi-w-fit"
  >
    <button
      class="gi-btn gi-btn-flat-dark gi-btn-regular"
    >
      Flat Dark Button (Hover)
    </button>
  </div>
</div>
`;

exports[`Snapshots > Snapshot - FlatDisabled 1`] = `
<div>
  <div
    class="gi-p-4  gi-w-fit"
  >
    <button
      aria-disabled="true"
      class="gi-btn gi-btn-flat-disabled gi-btn-regular"
      disabled=""
    >
      Flat Button (Disabled)
    </button>
  </div>
</div>
`;

exports[`Snapshots > Snapshot - FlatFocus 1`] = `
<div>
  <div
    class="gi-p-4  gi-w-fit"
  >
    <button
      class="gi-btn gi-btn-flat gi-btn-regular"
    >
      Flat Button (Focused)
    </button>
  </div>
</div>
`;

exports[`Snapshots > Snapshot - FlatHover 1`] = `
<div>
  <div
    class="gi-p-4  gi-w-fit"
  >
    <button
      class="gi-btn gi-btn-flat gi-btn-regular"
    >
      Flat Button (Hover)
    </button>
  </div>
</div>
`;

exports[`Snapshots > Snapshot - FlatLight 1`] = `
<div>
  <div
    class="gi-p-4 gi-bg-black gi-w-fit"
  >
    <button
      class="gi-btn gi-btn-flat-light gi-btn-regular"
    >
      Flat Light Button
    </button>
  </div>
</div>
`;

exports[`Snapshots > Snapshot - FlatLightDisabled 1`] = `
<div>
  <div
    class="gi-p-4 gi-bg-black gi-w-fit"
  >
    <button
      aria-disabled="true"
      class="gi-btn gi-btn-flat-light-disabled gi-btn-regular"
      disabled=""
    >
      Flat Light Button (Disabled)
    </button>
  </div>
</div>
`;

exports[`Snapshots > Snapshot - FlatLightFocus 1`] = `
<div>
  <div
    class="gi-p-4 gi-bg-black gi-w-fit"
  >
    <button
      class="gi-btn gi-btn-flat-light gi-btn-regular"
    >
      Flat Light Button (Focused)
    </button>
  </div>
</div>
`;

exports[`Snapshots > Snapshot - FlatLightHover 1`] = `
<div>
  <div
    class="gi-p-4 gi-bg-black gi-w-fit"
  >
    <button
      class="gi-btn gi-btn-flat-light gi-btn-regular"
    >
      Flat Light Button (Hover)
    </button>
  </div>
</div>
`;

exports[`Snapshots > Snapshot - Primary 1`] = `
<div>
  <div
    class="gi-p-4  gi-w-fit"
  >
    <button
      class="gi-btn gi-btn-primary gi-btn-regular"
    >
      Primary Button
    </button>
  </div>
</div>
`;

exports[`Snapshots > Snapshot - PrimaryDark 1`] = `
<div>
  <div
    class="gi-p-4  gi-w-fit"
  >
    <button
      class="gi-btn gi-btn-primary-dark gi-btn-regular"
    >
      Primary Dark Button
    </button>
  </div>
</div>
`;

exports[`Snapshots > Snapshot - PrimaryDarkDisabled 1`] = `
<div>
  <div
    class="gi-p-4  gi-w-fit"
  >
    <button
      aria-disabled="true"
      class="gi-btn gi-btn-primary-dark-disabled gi-btn-regular"
      disabled=""
    >
      Primary Dark Button (Disabled)
    </button>
  </div>
</div>
`;

exports[`Snapshots > Snapshot - PrimaryDarkFocus 1`] = `
<div>
  <div
    class="gi-p-4  gi-w-fit"
  >
    <button
      class="gi-btn gi-btn-primary-dark gi-btn-regular"
    >
      Primary Dark Button (Focused)
    </button>
  </div>
</div>
`;

exports[`Snapshots > Snapshot - PrimaryDarkHover 1`] = `
<div>
  <div
    class="gi-p-4  gi-w-fit"
  >
    <button
      class="gi-btn gi-btn-primary-dark gi-btn-regular"
    >
      Primary Dark Button (Hover)
    </button>
  </div>
</div>
`;

exports[`Snapshots > Snapshot - PrimaryDisabled 1`] = `
<div>
  <div
    class="gi-p-4  gi-w-fit"
  >
    <button
      aria-disabled="true"
      class="gi-btn gi-btn-primary-disabled gi-btn-regular"
      disabled=""
    >
      Primary Button (Disabled)
    </button>
  </div>
</div>
`;

exports[`Snapshots > Snapshot - PrimaryFocus 1`] = `
<div>
  <div
    class="gi-p-4  gi-w-fit"
  >
    <button
      class="gi-btn gi-btn-primary gi-btn-regular"
    >
      Primary Button (Focused)
    </button>
  </div>
</div>
`;

exports[`Snapshots > Snapshot - PrimaryHover 1`] = `
<div>
  <div
    class="gi-p-4  gi-w-fit"
  >
    <button
      class="gi-btn gi-btn-primary gi-btn-regular"
    >
      Primary Button (Hover)
    </button>
  </div>
</div>
`;

exports[`Snapshots > Snapshot - PrimaryLight 1`] = `
<div>
  <div
    class="gi-p-4 gi-bg-black gi-w-fit"
  >
    <button
      class="gi-btn gi-btn-primary-light gi-btn-regular"
    >
      Primary Light Button
    </button>
  </div>
</div>
`;

exports[`Snapshots > Snapshot - PrimaryLightDisabled 1`] = `
<div>
  <div
    class="gi-p-4 gi-bg-black gi-w-fit"
  >
    <button
      aria-disabled="true"
      class="gi-btn gi-btn-primary-light-disabled gi-btn-regular"
      disabled=""
    >
      Primary Light Button (Disabled)
    </button>
  </div>
</div>
`;

exports[`Snapshots > Snapshot - PrimaryLightFocus 1`] = `
<div>
  <div
    class="gi-p-4 gi-bg-black gi-w-fit"
  >
    <button
      class="gi-btn gi-btn-primary-light gi-btn-regular"
    >
      Primary Light Button (Focused)
    </button>
  </div>
</div>
`;

exports[`Snapshots > Snapshot - PrimaryLightHover 1`] = `
<div>
  <div
    class="gi-p-4 gi-bg-black gi-w-fit"
  >
    <button
      class="gi-btn gi-btn-primary-light gi-btn-regular"
    >
      Primary Light Button (Hover)
    </button>
  </div>
</div>
`;

exports[`Snapshots > Snapshot - Secondary 1`] = `
<div>
  <div
    class="gi-p-4  gi-w-fit"
  >
    <button
      class="gi-btn gi-btn-secondary gi-btn-regular"
    >
      Secondary Button
    </button>
  </div>
</div>
`;

exports[`Snapshots > Snapshot - SecondaryDark 1`] = `
<div>
  <div
    class="gi-p-4  gi-w-fit"
  >
    <button
      class="gi-btn gi-btn-secondary-dark gi-btn-regular"
    >
      Secondary Dark Button
    </button>
  </div>
</div>
`;

exports[`Snapshots > Snapshot - SecondaryDarkDisabled 1`] = `
<div>
  <div
    class="gi-p-4  gi-w-fit"
  >
    <button
      aria-disabled="true"
      class="gi-btn gi-btn-secondary-dark-disabled gi-btn-regular"
      disabled=""
    >
      Secondary Dark Button (Disabled)
    </button>
  </div>
</div>
`;

exports[`Snapshots > Snapshot - SecondaryDarkFocus 1`] = `
<div>
  <div
    class="gi-p-4  gi-w-fit"
  >
    <button
      class="gi-btn gi-btn-secondary-dark gi-btn-regular"
    >
      Secondary Dark Button (Focused)
    </button>
  </div>
</div>
`;

exports[`Snapshots > Snapshot - SecondaryDarkHover 1`] = `
<div>
  <div
    class="gi-p-4  gi-w-fit"
  >
    <button
      class="gi-btn gi-btn-secondary-dark gi-btn-regular"
    >
      Secondary Dark Button (Hover)
    </button>
  </div>
</div>
`;

exports[`Snapshots > Snapshot - SecondaryDisabled 1`] = `
<div>
  <div
    class="gi-p-4  gi-w-fit"
  >
    <button
      aria-disabled="true"
      class="gi-btn gi-btn-secondary-disabled gi-btn-regular"
      disabled=""
    >
      Secondary Button (Disabled)
    </button>
  </div>
</div>
`;

exports[`Snapshots > Snapshot - SecondaryFocus 1`] = `
<div>
  <div
    class="gi-p-4  gi-w-fit"
  >
    <button
      class="gi-btn gi-btn-secondary gi-btn-regular"
    >
      Secondary Button (Focused)
    </button>
  </div>
</div>
`;

exports[`Snapshots > Snapshot - SecondaryHover 1`] = `
<div>
  <div
    class="gi-p-4  gi-w-fit"
  >
    <button
      class="gi-btn gi-btn-secondary gi-btn-regular"
    >
      Secondary Button (Hover)
    </button>
  </div>
</div>
`;

exports[`Snapshots > Snapshot - SecondaryLight 1`] = `
<div>
  <div
    class="gi-p-4 gi-bg-black gi-w-fit"
  >
    <button
      class="gi-btn gi-btn-secondary-light gi-btn-regular"
    >
      Secondary Light Button
    </button>
  </div>
</div>
`;

exports[`Snapshots > Snapshot - SecondaryLightDisabled 1`] = `
<div>
  <div
    class="gi-p-4 gi-bg-black gi-w-fit"
  >
    <button
      aria-disabled="true"
      class="gi-btn gi-btn-secondary-light-disabled gi-btn-regular"
      disabled=""
    >
      Secondary Light Button (Disabled)
    </button>
  </div>
</div>
`;

exports[`Snapshots > Snapshot - SecondaryLightFocus 1`] = `
<div>
  <div
    class="gi-p-4 gi-bg-black gi-w-fit"
  >
    <button
      class="gi-btn gi-btn-secondary-light gi-btn-regular"
    >
      Secondary Light Button (Focused)
    </button>
  </div>
</div>
`;

exports[`Snapshots > Snapshot - SecondaryLightHover 1`] = `
<div>
  <div
    class="gi-p-4 gi-bg-black gi-w-fit"
  >
    <button
      class="gi-btn gi-btn-secondary-light gi-btn-regular"
    >
      Secondary Light Button (Hover)
    </button>
  </div>
</div>
`;

exports[`Snapshots > Snapshot - WithIconRight 1`] = `
<div>
  <div
    class="gi-p-4  gi-w-fit"
  >
    <button
      class="gi-btn gi-btn-primary gi-btn-regular"
    >
      Button 
      <span
        aria-label="thumb_up"
        class="gi-block material-symbols-outlined"
        data-testid="govie-icon"
        role="presentation"
        style="font-size: 24px; font-variation-settings: 'FILL' 0, 'wght' 400, 'GRAD' 0, 'opsz' 24px;"
      >
        thumb_up
      </span>
    </button>
  </div>
</div>
`;

exports[`Snapshots > Snapshot - WithLeftIcon 1`] = `
<div>
  <div
    class="gi-p-4  gi-w-fit"
  >
    <button
      class="gi-btn gi-btn-primary gi-btn-regular"
    >
      <span
        aria-label="thumb_up"
        class="gi-block material-symbols-outlined"
        data-testid="govie-icon"
        role="presentation"
        style="font-size: 24px; font-variation-settings: 'FILL' 0, 'wght' 400, 'GRAD' 0, 'opsz' 24px;"
      >
        thumb_up
      </span>
      Button
    </button>
  </div>
</div>
`;

exports[`Snapshots > Snapshot - WithSpinner 1`] = `
<div>
  <div
    class="gi-p-4  gi-w-fit"
  >
    <button
      aria-disabled="true"
      class="gi-btn gi-btn-primary-disabled gi-btn-regular"
      disabled=""
    >
      Button
       
      <svg
        class="gi-w-6 gi-h-6"
        viewBox="0 0 24 24"
        xmlns="http://www.w3.org/2000/svg"
      >
        <g>
          <circle
            cx="12"
            cy="12"
            fill="none"
            r="9.5"
            stroke-linecap="round"
            stroke-width="3"
          >
            <animate
              attributeName="stroke-dasharray"
              calcMode="spline"
              dur="1.5s"
              keySplines="0.42,0,0.58,1;0.42,0,0.58,1;0.42,0,0.58,1"
              keyTimes="0;0.475;0.95;1"
              repeatCount="indefinite"
              values="0 150;42 150;42 150;42 150"
            />
            <animate
              attributeName="stroke-dashoffset"
              calcMode="spline"
              dur="1.5s"
              keySplines="0.42,0,0.58,1;0.42,0,0.58,1;0.42,0,0.58,1"
              keyTimes="0;0.475;0.95;1"
              repeatCount="indefinite"
              values="0;-16;-59;-59"
            />
          </circle>
          <animatetransform
            attributeName="transform"
            dur="2s"
            repeatCount="indefinite"
            type="rotate"
            values="0 12 12;360 12 12"
          />
        </g>
      </svg>
    </button>
  </div>
</div>
`;
