// Vitest Snapshot v1, https://vitest.dev/guide/snapshot.html

exports[`Snapshots > Snapshot - Default 1`] = `
<div>
  <div
    class="gi-card gi-card-horizontal gi-card-inset-none gi-not-prose"
    data-testid="card"
  >
    <div
      class="gi-card-image"
    >
      <a
        href="#"
      >
        <img
          alt="Card Title"
          class="gi-w-full"
          src="https://placeholderjs.com/400x300"
          style="aspect-ratio: 4 / 3;"
        />
      </a>
    </div>
    <div
      class="gi-card-content gi-card-inset-none"
    >
      <div
        class="gi-card-header"
      >
        <div
          class="gi-card-heading"
        >
          <div
            class="gi-card-title"
          >
            <a
              class="gi-link"
              href="#"
            >
              Card Title
            </a>
          </div>
          <div
            class="gi-card-subheading"
          >
            Subheading
          </div>
        </div>
        <div
          class="gi-card-tag"
        >
          <strong
            class="gi-tag gi-tag-info"
          >
            New
          </strong>
        </div>
      </div>
      <div
        class="gi-card-paragraph"
      >
        <p
          class="gi-paragraph-sm gi-text-start gi-whitespace-normal "
        >
          Lorem ipsum dolor sit amet consectetur. Lectus aliquam morbi purus ac. Sollicitudin.
        </p>
      </div>
      <div
        class="gi-card-action"
      >
        <button
          class="gi-btn gi-btn-secondary gi-btn-regular"
        >
          Button
        </button>
      </div>
    </div>
  </div>
</div>
`;

exports[`Snapshots > Snapshot - Horizontal 1`] = `
<div>
  <div
    class="gi-card gi-card-horizontal gi-card-inset-none gi-not-prose"
  >
    <div
      class="gi-card-image"
    >
      <a
        href="#"
      >
        <img
          alt="Horizontal Card"
          src="https://placeholderjs.com/600x360"
        />
      </a>
    </div>
    <div
      class="gi-card-content gi-card-inset-none"
    >
      <div
        class="gi-card-header"
      >
        <div
          class="gi-card-heading"
        >
          <div
            class="gi-card-title"
          >
            <a
              class="gi-link"
              href="#"
            >
              Horizontal Card
            </a>
          </div>
        </div>
      </div>
      <div
        class="gi-card-paragraph"
      >
        <p
          class="gi-paragraph-sm gi-text-start gi-whitespace-normal "
        >
          Lorem ipsum dolor sit amet consectetur. Lectus aliquam morbi purus ac. Sollicitudin.
        </p>
      </div>
      <div
        class="gi-card-action"
      >
        <a
          class="gi-link gi-text-md"
          href="#"
        >
          Link
        </a>
      </div>
    </div>
  </div>
</div>
`;

exports[`Snapshots > Snapshot - HorizontalWithIcon 1`] = `
<div>
  <div
    class="gi-card gi-card-horizontal gi-card-inset-none gi-not-prose"
  >
    <div
      aria-hidden="true"
      class="gi-card-icon"
    >
      <a>
        <span
          class="gi-block material-symbols-outlined gi-text-gray-500"
          data-testid="govie-icon"
          role="presentation"
          style="font-size: 48px; font-variation-settings: 'FILL' 0, 'wght' 400, 'GRAD' 0, 'opsz' 48px;"
        >
          download
        </span>
      </a>
    </div>
    <div
      class="gi-card-content gi-card-inset-none"
    >
      <div
        class="gi-card-header"
      >
        <div
          class="gi-card-heading"
        >
          <div
            class="gi-card-title"
          >
            Card With Icon
          </div>
        </div>
      </div>
      <div
        class="gi-card-paragraph"
      >
        <p
          class="gi-paragraph-sm gi-text-start gi-whitespace-normal "
        >
          Lorem ipsum dolor sit amet consectetur. Lectus aliquam morbi purus ac. Sollicitudin.
        </p>
      </div>
      <div
        class="gi-card-action"
      >
        <button
          class="gi-btn gi-btn-secondary gi-btn-regular"
        >
          Download
        </button>
      </div>
    </div>
  </div>
</div>
`;

exports[`Snapshots > Snapshot - HorizontalWithoutImage 1`] = `
<div>
  <div
    class="gi-card gi-card-horizontal gi-card-inset-none gi-not-prose"
  >
    <div
      class="gi-card-content gi-card-inset-none"
    >
      <div
        class="gi-card-header"
      >
        <div
          class="gi-card-heading"
        >
          <div
            class="gi-card-title"
          >
            Horizontal Card Without Image
          </div>
          <div
            class="gi-card-subheading"
          >
            Subtitle Here
          </div>
        </div>
      </div>
      <div
        class="gi-card-paragraph"
      >
        <p
          class="gi-paragraph-sm gi-text-start gi-whitespace-normal "
        >
          Lorem ipsum dolor sit amet consectetur. Lectus aliquam morbi purus ac. Sollicitudin.
        </p>
      </div>
      <div
        class="gi-card-action"
      >
        <a
          class="gi-link gi-text-md"
          href="#"
        >
          Learn More
        </a>
      </div>
    </div>
  </div>
</div>
`;

exports[`Snapshots > Snapshot - MediaImageWithAspectRatio 1`] = `
<div>
  <div
    class="gi-card gi-card-horizontal gi-card-inset-none gi-not-prose"
  >
    <div
      class="gi-card-image"
    >
      <a
        href="#"
      >
        <img
          alt="16 / 9 aspect ratio image"
          class="gi-w-full"
          src="https://placeholderjs.com/600x400"
          style="aspect-ratio: 16 / 9;"
        />
      </a>
    </div>
    <div
      class="gi-card-content gi-card-inset-none"
    >
      <div
        class="gi-card-header"
      >
        <div
          class="gi-card-heading"
        >
          <div
            class="gi-card-title"
          >
            <a
              class="gi-link"
              href="#"
            >
              Card Title
            </a>
          </div>
          <div
            class="gi-card-subheading"
          >
            Subheading
          </div>
        </div>
        <div
          class="gi-card-tag"
        >
          <strong
            class="gi-tag gi-tag-info"
          >
            Featured
          </strong>
        </div>
      </div>
      <div
        class="gi-card-paragraph"
      >
        <p
          class="gi-paragraph-sm gi-text-start gi-whitespace-normal "
        >
          Card with 16 / 9 aspect ratio media
        </p>
      </div>
      <div
        class="gi-card-action"
      >
        <button
          class="gi-btn gi-btn-secondary gi-btn-regular"
        >
          Button
        </button>
      </div>
    </div>
  </div>
</div>
`;

exports[`Snapshots > Snapshot - VerticalWithButton 1`] = `
<div>
  <div
    class="gi-card gi-card-vertical gi-card-inset-none gi-not-prose"
  >
    <div
      class="gi-card-image"
    >
      <a
        href="#"
      >
        <img
          alt="Vertical Card"
          src="https://placeholderjs.com/400x300"
        />
      </a>
    </div>
    <div
      class="gi-card-content gi-card-inset-none"
    >
      <div
        class="gi-card-header"
      >
        <div
          class="gi-card-heading"
        >
          <div
            class="gi-card-title"
          >
            <a
              class="gi-link"
              href="#"
            >
              Vertical Card
            </a>
          </div>
        </div>
      </div>
      <div
        class="gi-card-paragraph"
      >
        <p
          class="gi-paragraph-sm gi-text-start gi-whitespace-normal "
        >
          Lorem ipsum dolor sit amet consectetur. Lectus aliquam morbi purus ac. Sollicitudin.
        </p>
      </div>
      <div
        class="gi-card-action"
      >
        <button
          class="gi-btn gi-btn-secondary gi-btn-regular"
        >
          Button
        </button>
      </div>
    </div>
  </div>
</div>
`;

exports[`Snapshots > Snapshot - VerticalWithLink 1`] = `
<div>
  <div
    class="gi-card gi-card-vertical gi-card-inset-none gi-not-prose"
  >
    <div
      class="gi-card-image"
    >
      <a
        href="#"
      >
        <img
          alt="Vertical Card"
          src="https://placeholderjs.com/400x300"
        />
      </a>
    </div>
    <div
      class="gi-card-content gi-card-inset-none"
    >
      <div
        class="gi-card-header"
      >
        <div
          class="gi-card-heading"
        >
          <div
            class="gi-card-title"
          >
            <a
              class="gi-link"
              href="#"
            >
              Vertical Card
            </a>
          </div>
          <div
            class="gi-card-subheading"
          >
            Subtitle
          </div>
        </div>
        <div
          class="gi-card-tag"
        >
          <strong
            class="gi-tag gi-tag-info"
          >
            Featured
          </strong>
        </div>
      </div>
      <div
        class="gi-card-paragraph"
      >
        <p
          class="gi-paragraph-sm gi-text-start gi-whitespace-normal "
        >
          Lorem ipsum dolor sit amet consectetur. Lectus aliquam morbi purus ac. Sollicitudin.
        </p>
      </div>
      <div
        class="gi-card-action"
      >
        <a
          class="gi-link gi-text-md"
          href="#"
        >
          View More
        </a>
      </div>
    </div>
  </div>
</div>
`;

exports[`Snapshots > Snapshot - VerticalWithoutImage 1`] = `
<div>
  <div
    class="gi-card gi-card-vertical gi-card-inset-none gi-not-prose"
  >
    <div
      class="gi-card-content gi-card-inset-none"
    >
      <div
        class="gi-card-header"
      >
        <div
          class="gi-card-heading"
        >
          <div
            class="gi-card-title"
          >
            <a
              class="gi-link"
              href="#"
            >
              Vertical Card Without Image
            </a>
          </div>
        </div>
      </div>
      <div
        class="gi-card-paragraph"
      >
        <p
          class="gi-paragraph-sm gi-text-start gi-whitespace-normal "
        >
          Lorem ipsum dolor sit amet consectetur. Lectus aliquam morbi purus ac. Sollicitudin.
        </p>
      </div>
      <div
        class="gi-card-action"
      >
        <a
          class="gi-link gi-text-md"
        >
          Learn more
        </a>
      </div>
    </div>
  </div>
</div>
`;

exports[`Snapshots > Snapshot - WithCustomTitleLink 1`] = `
<div>
  <div
    class="gi-card gi-card-horizontal gi-card-inset-none gi-not-prose"
  >
    <div
      class="gi-card-image"
    >
      <a>
        <img
          alt="Card Title"
          class="gi-w-full"
          src="https://placeholderjs.com/400x300"
          style="aspect-ratio: 4 / 3;"
        />
      </a>
    </div>
    <div
      class="gi-card-content gi-card-inset-none"
    >
      <div
        class="gi-card-header"
      >
        <div
          class="gi-card-heading"
        >
          <div
            class="gi-card-title"
          >
            <a
              class="gi-link"
              href="#"
            >
              Custom Title Link
            </a>
          </div>
        </div>
      </div>
      <div
        class="gi-card-paragraph"
      >
        <p
          class="gi-paragraph-sm gi-text-start gi-whitespace-normal "
        >
          Lorem ipsum dolor sit amet consectetur. Lectus aliquam morbi purus ac. Sollicitudin.
        </p>
      </div>
      <div
        class="gi-card-action"
      >
        <button
          class="gi-btn gi-btn-secondary gi-btn-regular"
        >
          Button
        </button>
      </div>
    </div>
  </div>
</div>
`;

exports[`Snapshots > Snapshot - WithIframeEmbed 1`] = `
<div>
  <div
    class="gi-card gi-card-horizontal gi-card-inset-none gi-not-prose"
  >
    <div
      class="gi-card-iframe"
    >
      <iframe
        allow="accelerometer; autoplay; clipboard-write; encrypted-media; gyroscope; picture-in-picture"
        allowfullscreen=""
        src="https://www.youtube.com/embed/K4TOrB7at0Y"
        title="Sample YouTube Video"
      />
    </div>
    <div
      class="gi-card-content gi-card-inset-none"
    >
      <div
        class="gi-card-header"
      >
        <div
          class="gi-card-heading"
        >
          <div
            class="gi-card-title"
          >
            <a
              class="gi-link"
              href="#"
            >
              Featured Video
            </a>
          </div>
        </div>
        <div
          class="gi-card-tag"
        >
          <strong
            class="gi-tag gi-tag-info"
          >
            Video
          </strong>
        </div>
      </div>
      <div
        class="gi-card-paragraph"
      >
        <p
          class="gi-paragraph-sm gi-text-start gi-whitespace-normal "
        >
          This card demonstrates embedding a YouTube video using an iframe.
        </p>
      </div>
      <div
        class="gi-card-action"
      >
        <button
          class="gi-btn gi-btn-secondary gi-btn-regular"
        >
          Watch Later
        </button>
      </div>
    </div>
  </div>
</div>
`;

exports[`Snapshots > Snapshot - WithoutTitleLink 1`] = `
<div>
  <div
    class="gi-card gi-card-horizontal gi-card-inset-none gi-not-prose"
  >
    <div
      class="gi-card-image"
    >
      <a>
        <img
          alt="Card Title"
          class="gi-w-full"
          src="https://placeholderjs.com/400x300"
          style="aspect-ratio: 4 / 3;"
        />
      </a>
    </div>
    <div
      class="gi-card-content gi-card-inset-none"
    >
      <div
        class="gi-card-header"
      >
        <div
          class="gi-card-heading"
        >
          <div
            class="gi-card-title"
          >
            Card Title
          </div>
          <div
            class="gi-card-subheading"
          >
            Subheading
          </div>
        </div>
        <div
          class="gi-card-tag"
        >
          <strong
            class="gi-tag gi-tag-info"
          >
            New
          </strong>
        </div>
      </div>
      <div
        class="gi-card-paragraph"
      >
        <p
          class="gi-paragraph-sm gi-text-start gi-whitespace-normal "
        >
          Lorem ipsum dolor sit amet consectetur. Lectus aliquam morbi purus ac. Sollicitudin.
        </p>
      </div>
      <div
        class="gi-card-action"
      >
        <button
          class="gi-btn gi-btn-secondary gi-btn-regular"
        >
          Button
        </button>
      </div>
    </div>
  </div>
</div>
`;
